c:\users\xreut\documents\masters\code-quality-research\dataset\codeanalisysvisualstudioproject\cppcode\x64\debug\vc145.pdb
c:\users\xreut\documents\masters\code-quality-research\dataset\codeanalisysvisualstudioproject\cppcode\x64\debug\vc145.idb
c:\users\xreut\documents\masters\code-quality-research\dataset\codeanalisysvisualstudioproject\cppcode\x64\debug\31.nativecodeanalysis.sarif
c:\users\xreut\documents\masters\code-quality-research\dataset\codeanalisysvisualstudioproject\cppcode\x64\debug\31.nativecodeanalysis.xml
c:\users\xreut\documents\masters\code-quality-research\dataset\codeanalisysvisualstudioproject\cppcode\x64\debug\32.nativecodeanalysis.sarif
c:\users\xreut\documents\masters\code-quality-research\dataset\codeanalisysvisualstudioproject\cppcode\x64\debug\32.nativecodeanalysis.xml
c:\users\xreut\documents\masters\code-quality-research\dataset\codeanalisysvisualstudioproject\cppcode\x64\debug\33.nativecodeanalysis.sarif
c:\users\xreut\documents\masters\code-quality-research\dataset\codeanalisysvisualstudioproject\cppcode\x64\debug\33.nativecodeanalysis.xml
c:\users\xreut\documents\masters\code-quality-research\dataset\codeanalisysvisualstudioproject\cppcode\x64\debug\34.nativecodeanalysis.sarif
c:\users\xreut\documents\masters\code-quality-research\dataset\codeanalisysvisualstudioproject\cppcode\x64\debug\34.nativecodeanalysis.xml
c:\users\xreut\documents\masters\code-quality-research\dataset\codeanalisysvisualstudioproject\cppcode\x64\debug\39.nativecodeanalysis.sarif
c:\users\xreut\documents\masters\code-quality-research\dataset\codeanalisysvisualstudioproject\cppcode\x64\debug\39.nativecodeanalysis.xml
c:\users\xreut\documents\masters\code-quality-research\dataset\codeanalisysvisualstudioproject\cppcode\x64\debug\40.nativecodeanalysis.sarif
c:\users\xreut\documents\masters\code-quality-research\dataset\codeanalisysvisualstudioproject\cppcode\x64\debug\40.nativecodeanalysis.xml
c:\users\xreut\documents\masters\code-quality-research\dataset\codeanalisysvisualstudioproject\cppcode\x64\debug\41.nativecodeanalysis.sarif
c:\users\xreut\documents\masters\code-quality-research\dataset\codeanalisysvisualstudioproject\cppcode\x64\debug\41.nativecodeanalysis.xml
c:\users\xreut\documents\masters\code-quality-research\dataset\codeanalisysvisualstudioproject\cppcode\x64\debug\42.nativecodeanalysis.sarif
c:\users\xreut\documents\masters\code-quality-research\dataset\codeanalisysvisualstudioproject\cppcode\x64\debug\42.nativecodeanalysis.xml
c:\users\xreut\documents\masters\code-quality-research\dataset\codeanalisysvisualstudioproject\cppcode\x64\debug\43.nativecodeanalysis.sarif
c:\users\xreut\documents\masters\code-quality-research\dataset\codeanalisysvisualstudioproject\cppcode\x64\debug\43.nativecodeanalysis.xml
c:\users\xreut\documents\masters\code-quality-research\dataset\codeanalisysvisualstudioproject\cppcode\x64\debug\44.nativecodeanalysis.sarif
c:\users\xreut\documents\masters\code-quality-research\dataset\codeanalisysvisualstudioproject\cppcode\x64\debug\44.nativecodeanalysis.xml
c:\users\xreut\documents\masters\code-quality-research\dataset\codeanalisysvisualstudioproject\cppcode\x64\debug\47.nativecodeanalysis.sarif
c:\users\xreut\documents\masters\code-quality-research\dataset\codeanalisysvisualstudioproject\cppcode\x64\debug\47.nativecodeanalysis.xml
c:\users\xreut\documents\masters\code-quality-research\dataset\codeanalisysvisualstudioproject\cppcode\x64\debug\48.nativecodeanalysis.sarif
c:\users\xreut\documents\masters\code-quality-research\dataset\codeanalisysvisualstudioproject\cppcode\x64\debug\48.nativecodeanalysis.xml
c:\users\xreut\documents\masters\code-quality-research\dataset\codeanalisysvisualstudioproject\cppcode\x64\debug\48.obj
c:\users\xreut\documents\masters\code-quality-research\dataset\codeanalisysvisualstudioproject\cppcode\x64\debug\47.obj
c:\users\xreut\documents\masters\code-quality-research\dataset\codeanalisysvisualstudioproject\cppcode\x64\debug\44.obj
c:\users\xreut\documents\masters\code-quality-research\dataset\codeanalisysvisualstudioproject\cppcode\x64\debug\43.obj
c:\users\xreut\documents\masters\code-quality-research\dataset\codeanalisysvisualstudioproject\cppcode\x64\debug\42.obj
c:\users\xreut\documents\masters\code-quality-research\dataset\codeanalisysvisualstudioproject\cppcode\x64\debug\41.obj
c:\users\xreut\documents\masters\code-quality-research\dataset\codeanalisysvisualstudioproject\cppcode\x64\debug\40.obj
c:\users\xreut\documents\masters\code-quality-research\dataset\codeanalisysvisualstudioproject\cppcode\x64\debug\39.obj
c:\users\xreut\documents\masters\code-quality-research\dataset\codeanalisysvisualstudioproject\cppcode\x64\debug\34.obj
c:\users\xreut\documents\masters\code-quality-research\dataset\codeanalisysvisualstudioproject\cppcode\x64\debug\33.obj
c:\users\xreut\documents\masters\code-quality-research\dataset\codeanalisysvisualstudioproject\cppcode\x64\debug\32.obj
c:\users\xreut\documents\masters\code-quality-research\dataset\codeanalisysvisualstudioproject\cppcode\x64\debug\31.obj
c:\users\xreut\documents\masters\code-quality-research\dataset\codeanalisysvisualstudioproject\cppcode\x64\debug\54.nativecodeanalysis.sarif
c:\users\xreut\documents\masters\code-quality-research\dataset\codeanalisysvisualstudioproject\cppcode\x64\debug\54.nativecodeanalysis.xml
c:\users\xreut\documents\masters\code-quality-research\dataset\codeanalisysvisualstudioproject\cppcode\x64\debug\cppcode.nativecodeanalysis.sarif
c:\users\xreut\documents\masters\code-quality-research\dataset\codeanalisysvisualstudioproject\cppcode\x64\debug\cppcode.nativecodeanalysis.xml
c:\users\xreut\documents\masters\code-quality-research\dataset\codeanalisysvisualstudioproject\cppcode\x64\debug\cppcode.obj
c:\users\xreut\documents\masters\code-quality-research\dataset\codeanalisysvisualstudioproject\cppcode\x64\debug\54.obj
c:\users\xreut\documents\masters\code-quality-research\dataset\codeanalisysvisualstudioproject\cppcode\x64\debug\cppcode.tlog\cl.command.1.tlog
c:\users\xreut\documents\masters\code-quality-research\dataset\codeanalisysvisualstudioproject\cppcode\x64\debug\cppcode.tlog\cl.read.1.tlog
c:\users\xreut\documents\masters\code-quality-research\dataset\codeanalisysvisualstudioproject\cppcode\x64\debug\cppcode.tlog\cl.write.1.tlog
