  31.cpp
  32.cpp
  33.cpp
  34.cpp
  35.cpp
C:\Users\xreut\Documents\Masters\code-quality-research\dataset\Cpp\NIST_SARD\35.cpp(3,10): error C1083: Cannot open include file: 'iostream.h': No such file or directory
  36.cpp
C:\Users\xreut\Documents\Masters\code-quality-research\dataset\Cpp\NIST_SARD\36.cpp(3,10): error C1083: Cannot open include file: 'iostream.h': No such file or directory
  37.cpp
C:\Users\xreut\Documents\Masters\code-quality-research\dataset\Cpp\NIST_SARD\37.cpp(2,10): error C1083: Cannot open include file: 'mysql++.h': No such file or directory
  38.cpp
C:\Users\xreut\Documents\Masters\code-quality-research\dataset\Cpp\NIST_SARD\38.cpp(2,10): error C1083: Cannot open include file: 'mysql++.h': No such file or directory
  39.cpp
  40.cpp
  41.cpp
  42.cpp
  43.cpp
  44.cpp
  45.cpp
C:\Users\xreut\Documents\Masters\code-quality-research\dataset\Cpp\NIST_SARD\45.cpp(20,3): error C3861: 'printLine': identifier not found
  46.cpp
C:\Users\xreut\Documents\Masters\code-quality-research\dataset\Cpp\NIST_SARD\46.cpp(20,4): error C3861: 'printLine': identifier not found
  47.cpp
  48.cpp
  49.cpp
C:\Users\xreut\Documents\Masters\code-quality-research\dataset\Cpp\NIST_SARD\49.cpp(4,12): error C2065: 'UINT_MAX': undeclared identifier
C:\Users\xreut\Documents\Masters\code-quality-research\dataset\Cpp\NIST_SARD\49.cpp(11,5): error C3861: 'badSource': identifier not found
C:\Users\xreut\Documents\Masters\code-quality-research\dataset\Cpp\NIST_SARD\49.cpp(13,5): error C3861: 'printLine': identifier not found
  50.cpp
C:\Users\xreut\Documents\Masters\code-quality-research\dataset\Cpp\NIST_SARD\50.cpp(4,12): error C2065: 'UINT_MAX': undeclared identifier
C:\Users\xreut\Documents\Masters\code-quality-research\dataset\Cpp\NIST_SARD\50.cpp(11,5): error C3861: 'badSource': identifier not found
C:\Users\xreut\Documents\Masters\code-quality-research\dataset\Cpp\NIST_SARD\50.cpp(12,13): error C2065: 'UINT_MAX': undeclared identifier
C:\Users\xreut\Documents\Masters\code-quality-research\dataset\Cpp\NIST_SARD\50.cpp(15,3): error C3861: 'printLine': identifier not found
  Running Code Analysis for C/C++...
  Generating Code...
  Compiling...
  53.cpp
C:\Users\xreut\Documents\Masters\code-quality-research\dataset\Cpp\NIST_SARD\53.cpp(1,6): error C2270: 'func': modifiers not allowed on nonmember functions
C:\Users\xreut\Documents\Masters\code-quality-research\dataset\Cpp\NIST_SARD\53.cpp(4,5): error C3861: 'println': identifier not found
  54.cpp
  55.cpp
C:\Users\xreut\Documents\Masters\code-quality-research\dataset\Cpp\NIST_SARD\55.cpp(1,26): error C2039: 'string': is not a member of 'std'
      C:\Users\xreut\Documents\Masters\code-quality-research\dataset\CodeAnalisysVisualStudioProject\CppCode\predefined C++ types (compiler internal)(359,11):
      see declaration of 'std'
  
C:\Users\xreut\Documents\Masters\code-quality-research\dataset\Cpp\NIST_SARD\55.cpp(1,15): error C4430: missing type specifier - int assumed. Note: C++ does not support default-int
C:\Users\xreut\Documents\Masters\code-quality-research\dataset\Cpp\NIST_SARD\55.cpp(1,32): error C2143: syntax error: missing ',' before '&'
C:\Users\xreut\Documents\Masters\code-quality-research\dataset\Cpp\NIST_SARD\55.cpp(3,9): error C2065: 'fileToOpen': undeclared identifier
C:\Users\xreut\Documents\Masters\code-quality-research\dataset\Cpp\NIST_SARD\55.cpp(4,9): error C2065: 'fileToOpen': undeclared identifier
C:\Users\xreut\Documents\Masters\code-quality-research\dataset\Cpp\NIST_SARD\55.cpp(7,2): error C2065: 'fileToOpen': undeclared identifier
C:\Users\xreut\Documents\Masters\code-quality-research\dataset\Cpp\NIST_SARD\55.cpp(9,5): error C2065: 'fileToOpen': undeclared identifier
C:\Users\xreut\Documents\Masters\code-quality-research\dataset\Cpp\NIST_SARD\55.cpp(9,21): error C2065: 'path': undeclared identifier
C:\Users\xreut\Documents\Masters\code-quality-research\dataset\Cpp\NIST_SARD\55.cpp(11,12): error C2065: 'fileToOpen': undeclared identifier
  56.cpp
C:\Users\xreut\Documents\Masters\code-quality-research\dataset\Cpp\NIST_SARD\56.cpp(1,26): error C2039: 'string': is not a member of 'std'
      C:\Users\xreut\Documents\Masters\code-quality-research\dataset\CodeAnalisysVisualStudioProject\CppCode\predefined C++ types (compiler internal)(359,11):
      see declaration of 'std'
  
C:\Users\xreut\Documents\Masters\code-quality-research\dataset\Cpp\NIST_SARD\56.cpp(1,15): error C4430: missing type specifier - int assumed. Note: C++ does not support default-int
C:\Users\xreut\Documents\Masters\code-quality-research\dataset\Cpp\NIST_SARD\56.cpp(1,32): error C2143: syntax error: missing ',' before '&'
C:\Users\xreut\Documents\Masters\code-quality-research\dataset\Cpp\NIST_SARD\56.cpp(3,10): error C3083: 'filesystem': the symbol to the left of a '::' must be a type
C:\Users\xreut\Documents\Masters\code-quality-research\dataset\Cpp\NIST_SARD\56.cpp(3,22): error C2039: 'path': is not a member of 'std'
      C:\Users\xreut\Documents\Masters\code-quality-research\dataset\CodeAnalisysVisualStudioProject\CppCode\predefined C++ types (compiler internal)(359,11):
      see declaration of 'std'
  
C:\Users\xreut\Documents\Masters\code-quality-research\dataset\Cpp\NIST_SARD\56.cpp(3,22): error C2065: 'path': undeclared identifier
C:\Users\xreut\Documents\Masters\code-quality-research\dataset\Cpp\NIST_SARD\56.cpp(3,27): error C2146: syntax error: missing ';' before identifier 'filePath'
C:\Users\xreut\Documents\Masters\code-quality-research\dataset\Cpp\NIST_SARD\56.cpp(3,36): error C2065: 'pathStr': undeclared identifier
C:\Users\xreut\Documents\Masters\code-quality-research\dataset\Cpp\NIST_SARD\56.cpp(3,27): error C3861: 'filePath': identifier not found
C:\Users\xreut\Documents\Masters\code-quality-research\dataset\Cpp\NIST_SARD\56.cpp(5,15): error C3083: 'filesystem': the symbol to the left of a '::' must be a type
C:\Users\xreut\Documents\Masters\code-quality-research\dataset\Cpp\NIST_SARD\56.cpp(5,27): error C2039: 'exists': is not a member of 'std'
      C:\Users\xreut\Documents\Masters\code-quality-research\dataset\CodeAnalisysVisualStudioProject\CppCode\predefined C++ types (compiler internal)(359,11):
      see declaration of 'std'
  
C:\Users\xreut\Documents\Masters\code-quality-research\dataset\Cpp\NIST_SARD\56.cpp(5,34): error C2065: 'filePath': undeclared identifier
C:\Users\xreut\Documents\Masters\code-quality-research\dataset\Cpp\NIST_SARD\56.cpp(5,27): error C3861: 'exists': identifier not found
C:\Users\xreut\Documents\Masters\code-quality-research\dataset\Cpp\NIST_SARD\56.cpp(9,15): error C3083: 'filesystem': the symbol to the left of a '::' must be a type
C:\Users\xreut\Documents\Masters\code-quality-research\dataset\Cpp\NIST_SARD\56.cpp(9,27): error C2039: 'is_regular_file': is not a member of 'std'
      C:\Users\xreut\Documents\Masters\code-quality-research\dataset\CodeAnalisysVisualStudioProject\CppCode\predefined C++ types (compiler internal)(359,11):
      see declaration of 'std'
  
C:\Users\xreut\Documents\Masters\code-quality-research\dataset\Cpp\NIST_SARD\56.cpp(9,43): error C2065: 'filePath': undeclared identifier
C:\Users\xreut\Documents\Masters\code-quality-research\dataset\Cpp\NIST_SARD\56.cpp(9,27): error C3861: 'is_regular_file': identifier not found
C:\Users\xreut\Documents\Masters\code-quality-research\dataset\Cpp\NIST_SARD\56.cpp(13,9): error C2065: 'fileToOpen': undeclared identifier
C:\Users\xreut\Documents\Masters\code-quality-research\dataset\Cpp\NIST_SARD\56.cpp(14,9): error C2065: 'fileToOpen': undeclared identifier
C:\Users\xreut\Documents\Masters\code-quality-research\dataset\Cpp\NIST_SARD\56.cpp(17,5): error C2065: 'fileToOpen': undeclared identifier
C:\Users\xreut\Documents\Masters\code-quality-research\dataset\Cpp\NIST_SARD\56.cpp(18,5): error C2065: 'fileToOpen': undeclared identifier
C:\Users\xreut\Documents\Masters\code-quality-research\dataset\Cpp\NIST_SARD\56.cpp(18,21): error C2065: 'filePath': undeclared identifier
C:\Users\xreut\Documents\Masters\code-quality-research\dataset\Cpp\NIST_SARD\56.cpp(20,12): error C2065: 'fileToOpen': undeclared identifier
  57.cpp
C:\Users\xreut\Documents\Masters\code-quality-research\dataset\Cpp\NIST_SARD\57.cpp(2,22): error C2039: 'string': is not a member of 'std'
      C:\Users\xreut\Documents\Masters\code-quality-research\dataset\CodeAnalisysVisualStudioProject\CppCode\predefined C++ types (compiler internal)(359,11):
      see declaration of 'std'
  
C:\Users\xreut\Documents\Masters\code-quality-research\dataset\Cpp\NIST_SARD\57.cpp(2,6): error C2182: 'assignData': this use of 'void' is not valid
C:\Users\xreut\Documents\Masters\code-quality-research\dataset\Cpp\NIST_SARD\57.cpp(2,22): error C2065: 'string': undeclared identifier
C:\Users\xreut\Documents\Masters\code-quality-research\dataset\Cpp\NIST_SARD\57.cpp(2,30): error C2065: 'data': undeclared identifier
C:\Users\xreut\Documents\Masters\code-quality-research\dataset\Cpp\NIST_SARD\57.cpp(3,1): error C2143: syntax error: missing ';' before '{'
C:\Users\xreut\Documents\Masters\code-quality-research\dataset\Cpp\NIST_SARD\57.cpp(4,10): error C2039: 'cin': is not a member of 'std'
      C:\Users\xreut\Documents\Masters\code-quality-research\dataset\CodeAnalisysVisualStudioProject\CppCode\predefined C++ types (compiler internal)(359,11):
      see declaration of 'std'
  
C:\Users\xreut\Documents\Masters\code-quality-research\dataset\Cpp\NIST_SARD\57.cpp(4,14): error C2143: syntax error: missing ';' before '>>'
C:\Users\xreut\Documents\Masters\code-quality-research\dataset\Cpp\NIST_SARD\57.cpp(4,10): error C4430: missing type specifier - int assumed. Note: C++ does not support default-int
C:\Users\xreut\Documents\Masters\code-quality-research\dataset\Cpp\NIST_SARD\57.cpp(4,14): error C2059: syntax error: '>>'
C:\Users\xreut\Documents\Masters\code-quality-research\dataset\Cpp\NIST_SARD\57.cpp(5,1): error C2059: syntax error: '}'
C:\Users\xreut\Documents\Masters\code-quality-research\dataset\Cpp\NIST_SARD\57.cpp(5,1): error C2143: syntax error: missing ';' before '}'
C:\Users\xreut\Documents\Masters\code-quality-research\dataset\Cpp\NIST_SARD\57.cpp(8,1): error C2143: syntax error: missing ';' before '{'
C:\Users\xreut\Documents\Masters\code-quality-research\dataset\Cpp\NIST_SARD\57.cpp(8,1): error C2447: '{': missing function header (old-style formal list?)
  58.cpp
C:\Users\xreut\Documents\Masters\code-quality-research\dataset\Cpp\NIST_SARD\58.cpp(2,22): error C2039: 'string': is not a member of 'std'
      C:\Users\xreut\Documents\Masters\code-quality-research\dataset\CodeAnalisysVisualStudioProject\CppCode\predefined C++ types (compiler internal)(359,11):
      see declaration of 'std'
  
C:\Users\xreut\Documents\Masters\code-quality-research\dataset\Cpp\NIST_SARD\58.cpp(2,6): error C2182: 'assignData': this use of 'void' is not valid
C:\Users\xreut\Documents\Masters\code-quality-research\dataset\Cpp\NIST_SARD\58.cpp(2,22): error C2065: 'string': undeclared identifier
C:\Users\xreut\Documents\Masters\code-quality-research\dataset\Cpp\NIST_SARD\58.cpp(2,30): error C2065: 'data': undeclared identifier
C:\Users\xreut\Documents\Masters\code-quality-research\dataset\Cpp\NIST_SARD\58.cpp(3,1): error C2143: syntax error: missing ';' before '{'
C:\Users\xreut\Documents\Masters\code-quality-research\dataset\Cpp\NIST_SARD\58.cpp(4,10): error C2039: 'cin': is not a member of 'std'
      C:\Users\xreut\Documents\Masters\code-quality-research\dataset\CodeAnalisysVisualStudioProject\CppCode\predefined C++ types (compiler internal)(359,11):
      see declaration of 'std'
  
C:\Users\xreut\Documents\Masters\code-quality-research\dataset\Cpp\NIST_SARD\58.cpp(4,14): error C2143: syntax error: missing ';' before '>>'
C:\Users\xreut\Documents\Masters\code-quality-research\dataset\Cpp\NIST_SARD\58.cpp(4,10): error C4430: missing type specifier - int assumed. Note: C++ does not support default-int
C:\Users\xreut\Documents\Masters\code-quality-research\dataset\Cpp\NIST_SARD\58.cpp(4,14): error C2059: syntax error: '>>'
C:\Users\xreut\Documents\Masters\code-quality-research\dataset\Cpp\NIST_SARD\58.cpp(5,1): error C2059: syntax error: '}'
C:\Users\xreut\Documents\Masters\code-quality-research\dataset\Cpp\NIST_SARD\58.cpp(5,1): error C2143: syntax error: missing ';' before '}'
C:\Users\xreut\Documents\Masters\code-quality-research\dataset\Cpp\NIST_SARD\58.cpp(8,1): error C2143: syntax error: missing ';' before '{'
C:\Users\xreut\Documents\Masters\code-quality-research\dataset\Cpp\NIST_SARD\58.cpp(8,1): error C2447: '{': missing function header (old-style formal list?)
  59.cpp
C:\Users\xreut\Documents\Masters\code-quality-research\dataset\Cpp\NIST_SARD\59.cpp(4,5): error C3861: 'printIntLine': identifier not found
  60.cpp
C:\Users\xreut\Documents\Masters\code-quality-research\dataset\Cpp\NIST_SARD\60.cpp(6,3): error C3861: 'printIntLine': identifier not found
  CppCode.cpp
  Running Code Analysis for C/C++...
  Generating Code...
